Channels:
 - conda-forge
 - defaults
Platform: linux-64
Collecting package metadata (repodata.json): ...working... done
Solving environment: ...working... done

## Package Plan ##

  environment location: /sciclone/home/tdfelton/.conda/envs/datasets



Preparing transaction: ...working... done
Verifying transaction: ...working... done
Executing transaction: ...working... done
#
# To activate this environment, use
#
#     $ conda activate datasets
#
# To deactivate an active environment, use
#
#     $ conda deactivate

bioconda/linux-64                                           Using cache
bioconda/noarch                                             Using cache
Transaction

  Prefix: /sciclone/home/tdfelton/.conda/envs/datasets

  Updating specs:

   - sra-tools
   - fastp
   - samtools


  Package                           Version  Build               Channel           Size
─────────────────────────────────────────────────────────────────────────────────────────
  Install:
─────────────────────────────────────────────────────────────────────────────────────────

  + libgomp                          15.2.0  he0feb66_18         conda-forge     Cached
  + _openmp_mutex                       4.5  20_gnu              conda-forge     Cached
  + libgcc                           15.2.0  he0feb66_18         conda-forge     Cached
  + libiconv                           1.18  h3b78370_2          conda-forge     Cached
  + bzip2                             1.0.8  hda65f42_9          conda-forge     Cached
  + libstdcxx                        15.2.0  h934c35e_18         conda-forge     Cached
  + libgcc-ng                        15.2.0  h69a702a_18         conda-forge     Cached
  + ossuuid                           1.6.2  h5888daf_1001       conda-forge     Cached
  + libstdcxx-ng                     15.2.0  hdf11a46_18         conda-forge     Cached
  + libev                              4.33  hd590300_2          conda-forge     Cached
  + perl                             5.26.2  h36c2ea0_1008       conda-forge     Cached
  + xz                                5.2.6  h166bdaf_0          conda-forge     Cached
  + libzlib                          1.2.13  h4ab18f5_6          conda-forge     Cached
  + icu                                70.1  h27087fc_0          conda-forge     Cached
  + ncurses                             6.1  hf484d3e_1002       conda-forge     Cached
  + tk                               8.6.13  noxft_h4845f30_101  conda-forge     Cached
  + zlib                             1.2.13  h4ab18f5_6          conda-forge     Cached
  + libxml2                          2.9.14  h22db469_4          conda-forge     Cached
  + libedit                    3.1.20191231  h46ee950_2          conda-forge     Cached
  + ca-certificates               2026.2.25  hbd8a1cb_0          conda-forge     Cached
  + ncbi-vdb                          3.4.1  hd63eeec_0          bioconda        Cached
  + c-ares                           1.11.0  h470a237_1          bioconda        Cached
  + libdeflate                          1.0  h14c3975_1          bioconda        Cached
  + perl-app-cpanminus               1.7044  pl526_1             bioconda        Cached
  + perl-xml-sax-base                  1.09  pl526_0             bioconda        Cached
  + perl-extutils-makemaker            7.36  pl526_1             bioconda        Cached
  + perl-xsloader                      0.24  pl526_0             bioconda        Cached
  + perl-parent                       0.236  pl526_1             bioconda        Cached
  + perl-exporter                      5.72  pl526_1             bioconda        Cached
  + perl-data-dumper                  2.173  pl526_0             bioconda        Cached
  + perl-constant                      1.33  pl526_1             bioconda        Cached
  + fastp                            0.22.0  h2e03b76_0          bioconda        Cached
  + perl-mime-base64                   3.15  pl526_1             bioconda        Cached
  + perl-file-path                     2.16  pl526_0             bioconda        Cached
  + perl-encode                        2.88  pl526_1             bioconda        Cached
  + perl-carp                          1.38  pl526_3             bioconda        Cached
  + perl-xml-namespacesupport          1.12  pl526_0             bioconda        Cached
  + perl-file-temp                   0.2304  pl526_2             bioconda        Cached
  + perl-business-isbn-data    20140910.003  pl526_0             bioconda        Cached
  + perl-business-isbn                3.004  pl526_0             bioconda        Cached
  + perl-uri                           1.76  pl526_0             bioconda        Cached
  + openssl                          1.1.1w  hd590300_0          conda-forge     Cached
  + libssh2                          1.10.0  haa6b8db_3          conda-forge     Cached
  + libnghttp2                       1.41.0  hab1572f_1          conda-forge     Cached
  + krb5                             1.17.2  h926e7f8_0          conda-forge     Cached
  + libcurl                          7.71.1  hcdd3856_8          conda-forge     Cached
  + curl                             7.71.1  he644dc0_8          conda-forge     Cached
  + perl-xml-sax                       1.02  pl526_0             bioconda        Cached
  + htslib                              1.9  ha228f0b_7          bioconda        Cached
  + perl-xml-libxml                  2.0132  pl526h7ec2d77_1     bioconda        Cached
  + samtools                            1.9  h10a08f8_12         bioconda        Cached
  + sra-tools                         3.2.1  h4304569_1          bioconda        Cached

  Summary:

  Install: 52 packages

  Total download: 0 B

─────────────────────────────────────────────────────────────────────────────────────────



Looking for: ['sra-tools', 'fastp', 'samtools']


Downloading and Extracting Packages: ...working... done
Preparing transaction: ...working... done
Verifying transaction: ...working... done
Executing transaction: ...working... done
conda-forge/linux-64                                        Using cache
conda-forge/noarch                                          Using cache
Transaction

  Prefix: /sciclone/home/tdfelton/.conda/envs/datasets

  Updating specs:

   - ncbi-datasets-cli
   - ca-certificates
   - openssl


  Package              Version  Build       Channel           Size
────────────────────────────────────────────────────────────────────
  Install:
────────────────────────────────────────────────────────────────────

  + ncbi-datasets-cli  18.21.0  ha770c72_0  conda-forge     Cached
  + zstd                 1.5.6  ha6fb4c9_0  conda-forge     Cached
  + keyutils             1.6.3  hb9d3cd8_0  conda-forge     Cached

  Upgrade:
────────────────────────────────────────────────────────────────────

  - openssl             1.1.1w  hd590300_0  conda-forge     Cached
  + openssl              3.6.1  h35e630c_1  conda-forge     Cached
  - c-ares              1.11.0  h470a237_1  bioconda        Cached
  + c-ares              1.34.6  hb03c661_0  conda-forge     Cached
  - libssh2             1.10.0  haa6b8db_3  conda-forge     Cached
  + libssh2             1.11.0  h0841786_0  conda-forge     Cached
  - libnghttp2          1.41.0  hab1572f_1  conda-forge     Cached
  + libnghttp2          1.58.0  h47da74e_1  conda-forge     Cached
  - krb5                1.17.2  h926e7f8_0  conda-forge     Cached
  + krb5                1.20.1  h81ceb04_0  conda-forge     Cached
  - libcurl             7.71.1  hcdd3856_8  conda-forge     Cached
  + libcurl             7.88.1  hdc1c0ab_1  conda-forge     Cached
  - curl                7.71.1  he644dc0_8  conda-forge     Cached
  + curl                7.88.1  hdc1c0ab_1  conda-forge     Cached

  Summary:

  Install: 3 packages
  Upgrade: 7 packages

  Total download: 0 B

────────────────────────────────────────────────────────────────────



Looking for: ['ncbi-datasets-cli']


Downloading and Extracting Packages: ...working... done
Preparing transaction: ...working... done
Verifying transaction: ...working... done
Executing transaction: ...working... done
bioconda/linux-64                                           Using cache
bioconda/noarch                                             Using cache
conda-forge/linux-64                                        Using cache
conda-forge/noarch                                          Using cache
pkgs/main/linux-64                                          Using cache
pkgs/main/noarch                                            Using cache
pkgs/r/linux-64                                             Using cache
pkgs/r/noarch                                               Using cache
Transaction

  Prefix: /sciclone/home/tdfelton/.conda/envs/datasets

  Updating specs:

   - bbmap
   - ca-certificates
   - openssl


  Package                      Version  Build          Channel           Size
───────────────────────────────────────────────────────────────────────────────
  Install:
───────────────────────────────────────────────────────────────────────────────

  + alsa-lib                   1.2.7.2  h166bdaf_0     conda-forge     Cached
  + libcups                      2.3.3  h36d4200_3     conda-forge     Cached
  + jpeg                            9e  h0b41bf4_3     conda-forge     Cached
  + libwebp-base                 1.6.0  hd42ef1d_0     conda-forge     Cached
  + graphite2                   1.3.14  hecca717_2     conda-forge     Cached
  + pcre2                        10.43  hcad00b1_0     conda-forge     Cached
  + libpng                      1.6.43  h2797004_0     conda-forge     Cached
  + pixman                      0.46.4  h54a6638_1     conda-forge     Cached
  + xorg-libice                  1.1.2  hb9d3cd8_0     conda-forge     Cached
  + pbzip2                      1.1.13  h1fcc475_2     conda-forge     Cached
  + xorg-xextproto               7.3.0  hb9d3cd8_1004  conda-forge     Cached
  + xorg-kbproto                 1.0.7  hb9d3cd8_1003  conda-forge     Cached
  + xorg-xproto                 7.0.31  hb9d3cd8_1008  conda-forge     Cached
  + libuuid                     2.41.3  h5347b49_0     conda-forge     Cached
  + libexpat                     2.7.4  hecca717_0     conda-forge     Cached
  + xorg-inputproto              2.3.2  hb9d3cd8_1003  conda-forge     Cached
  + xorg-recordproto            1.14.2  hb9d3cd8_1003  conda-forge     Cached
  + xorg-renderproto            0.11.1  hb9d3cd8_1003  conda-forge     Cached
  + giflib                       5.2.2  hd590300_0     conda-forge     Cached
  + pthread-stubs                  0.4  hb9d3cd8_1002  conda-forge     Cached
  + xorg-libxau                 1.0.12  hb03c661_1     conda-forge     Cached
  + xorg-libxdmcp                1.1.5  hb03c661_1     conda-forge     Cached
  + libffi                       3.5.2  h3435931_0     conda-forge     Cached
  + libtiff                      4.2.0  hf544144_3     conda-forge     Cached
  + freetype                    2.12.1  h267a509_2     conda-forge     Cached
  + xorg-fixesproto                5.0  hb9d3cd8_1003  conda-forge     Cached
  + xorg-libsm                   1.2.6  he73a12e_0     conda-forge     Cached
  + expat                        2.7.4  hecca717_0     conda-forge     Cached
  + libxcb                        1.13  h7f98852_1004  conda-forge     Cached
  + libglib                     2.80.2  hf974151_0     conda-forge     Cached
  + lcms2                         2.12  hddcbb42_0     conda-forge     Cached
  + fontconfig                  2.14.2  h14ed4e7_0     conda-forge     Cached
  + xorg-libx11                  1.8.4  h0b41bf4_0     conda-forge     Cached
  + xorg-libxfixes               5.0.3  h7f98852_1004  conda-forge     Cached
  + xorg-libxrender             0.9.10  h7f98852_1003  conda-forge     Cached
  + xorg-libxext                 1.3.4  h0b41bf4_2     conda-forge     Cached
  + xorg-libxi                  1.7.10  h7f98852_0     conda-forge     Cached
  + xorg-libxtst                 1.2.3  h7f98852_1002  conda-forge     Cached
  + font-ttf-dejavu-sans-mono     2.37  hab24e00_0     conda-forge     Cached
  + font-ttf-inconsolata         3.000  h77eed37_0     conda-forge     Cached
  + font-ttf-source-code-pro     2.038  h77eed37_0     conda-forge     Cached
  + font-ttf-ubuntu               0.83  h77eed37_3     conda-forge     Cached
  + fonts-conda-forge                1  hc364b38_1     conda-forge     Cached
  + fonts-conda-ecosystem            1  0              conda-forge     Cached
  + cairo                       1.16.0  ha61ee94_1014  conda-forge     Cached
  + harfbuzz                     5.3.0  h418a68e_0     conda-forge     Cached
  + openjdk                     17.0.3  hea3dc9f_3     conda-forge     Cached
  + bbmap                        39.01  h92535d8_1     bioconda        Cached

  Summary:

  Install: 48 packages

  Total download: 0 B

───────────────────────────────────────────────────────────────────────────────



Looking for: ['bbmap']


Downloading and Extracting Packages: ...working... done
Preparing transaction: ...working... done
Verifying transaction: ...working... done
Executing transaction: ...working... done
Archive:  /sciclone/home/tdfelton/SUPERCOMPUTING/assignments/assignment_07/data/dog_reference/dog_reference.zip
  inflating: /sciclone/home/tdfelton/SUPERCOMPUTING/assignments/assignment_07/data/dog_reference/scr/README.md  
  inflating: /sciclone/home/tdfelton/SUPERCOMPUTING/assignments/assignment_07/data/dog_reference/scr/ncbi_dataset/data/assembly_data_report.jsonl  
  inflating: /sciclone/home/tdfelton/SUPERCOMPUTING/assignments/assignment_07/data/dog_reference/scr/ncbi_dataset/data/GCF_011100685.1/GCF_011100685.1_UU_Cfam_GSD_1.0_genomic.fna  
  inflating: /sciclone/home/tdfelton/SUPERCOMPUTING/assignments/assignment_07/data/dog_reference/scr/ncbi_dataset/data/dataset_catalog.json  
  inflating: /sciclone/home/tdfelton/SUPERCOMPUTING/assignments/assignment_07/data/dog_reference/scr/md5sum.txt  
