[2026-03-18 19:37:23] root: INFO: Starting Flye 2.9.6-b1802
[2026-03-18 19:37:23] root: DEBUG: Cmd: /usr/local/bora/gcc-11.4.1/Flye/bin/flye --nano-hq ./data/SRR33939694.fastq.gz --out-dir ./assemblies/assembly_module --genome-size 200k --threads 6
[2026-03-18 19:37:23] root: DEBUG: Python version: 3.10.12 | packaged by conda-forge | (main, Jun 23 2023, 22:40:32) [GCC 12.3.0]
[2026-03-18 19:37:23] root: INFO: >>>STAGE: configure
[2026-03-18 19:37:23] root: INFO: Configuring run
[2026-03-18 19:37:24] root: INFO: Total read length: 52927180
[2026-03-18 19:37:24] root: INFO: Input genome size: 200000
[2026-03-18 19:37:24] root: INFO: Estimated coverage: 264
[2026-03-18 19:37:24] root: INFO: Reads N50/N90: 505 / 254
[2026-03-18 19:37:24] root: INFO: Minimum overlap set to 1000
[2026-03-18 19:37:24] root: INFO: >>>STAGE: assembly
[2026-03-18 19:37:24] root: INFO: Assembling disjointigs
[2026-03-18 19:37:24] root: DEBUG: -----Begin assembly log------
[2026-03-18 19:37:24] root: DEBUG: Running: flye-modules assemble --reads /sciclone/home/tdfelton/SUPERCOMPUTING/assignments/assignment_06/data/SRR33939694.fastq.gz --out-asm /sciclone/home/tdfelton/SUPERCOMPUTING/assignments/assignment_06/assemblies/assembly_module/00-assembly/draft_assembly.fasta --config /usr/local/bora/gcc-11.4.1/Flye/flye/config/bin_cfg/asm_nano_hq.cfg --log /sciclone/home/tdfelton/SUPERCOMPUTING/assignments/assignment_06/assemblies/assembly_module/flye.log --threads 6 --genome-size 200000 --min-ovlp 1000
[2026-03-18 19:37:24] DEBUG: Build date: Oct  6 2025 15:18:39
[2026-03-18 19:37:24] DEBUG: Total RAM: 156 Gb
[2026-03-18 19:37:24] DEBUG: Available RAM: 149 Gb
[2026-03-18 19:37:24] DEBUG: Total CPUs: 40
[2026-03-18 19:37:24] DEBUG: Loading /usr/local/bora/gcc-11.4.1/Flye/flye/config/bin_cfg/asm_nano_hq.cfg
[2026-03-18 19:37:24] DEBUG: Loading /usr/local/bora/gcc-11.4.1/Flye/flye/config/bin_cfg/asm_defaults.cfg
[2026-03-18 19:37:24] DEBUG: 	big_genome_threshold=29000000
[2026-03-18 19:37:24] DEBUG: 	meta_read_filter_kmer_freq=100
[2026-03-18 19:37:24] DEBUG: 	chain_large_gap_penalty=2
[2026-03-18 19:37:24] DEBUG: 	chain_small_gap_penalty=0.5
[2026-03-18 19:37:24] DEBUG: 	chain_gap_jump_threshold=100
[2026-03-18 19:37:24] DEBUG: 	max_jump_gap=500
[2026-03-18 19:37:24] DEBUG: 	max_coverage_drop_rate=5
[2026-03-18 19:37:24] DEBUG: 	max_extensions_drop_rate=5
[2026-03-18 19:37:24] DEBUG: 	chimera_window=100
[2026-03-18 19:37:24] DEBUG: 	chimera_overhang=1000
[2026-03-18 19:37:24] DEBUG: 	min_reads_in_disjointig=4
[2026-03-18 19:37:24] DEBUG: 	max_inner_reads=10
[2026-03-18 19:37:24] DEBUG: 	max_inner_fraction=0.25
[2026-03-18 19:37:24] DEBUG: 	aggressive_dup_filter=1
[2026-03-18 19:37:24] DEBUG: 	max_separation=500
[2026-03-18 19:37:24] DEBUG: 	unique_edge_length=50000
[2026-03-18 19:37:24] DEBUG: 	min_repeat_res_support=0.51
[2026-03-18 19:37:24] DEBUG: 	out_paths_ratio=5
[2026-03-18 19:37:24] DEBUG: 	graph_cov_drop_rate=5
[2026-03-18 19:37:24] DEBUG: 	coverage_estimate_window=100
[2026-03-18 19:37:24] DEBUG: 	max_bubble_length=50000
[2026-03-18 19:37:24] DEBUG: 	loop_coverage_rate=1.5
[2026-03-18 19:37:24] DEBUG: 	repeat_edge_cov_mult=1.75
[2026-03-18 19:37:24] DEBUG: 	weak_detach_rate=5
[2026-03-18 19:37:24] DEBUG: 	tip_coverage_rate=2
[2026-03-18 19:37:24] DEBUG: 	tip_length_rate=2
[2026-03-18 19:37:24] DEBUG: 	output_gfa_before_rr=1
[2026-03-18 19:37:24] DEBUG: 	remove_alt_edges=0
[2026-03-18 19:37:24] DEBUG: 	low_cutoff_warning=0
[2026-03-18 19:37:24] DEBUG: 	kmer_size=17
[2026-03-18 19:37:24] DEBUG: 	use_minimizers=1
[2026-03-18 19:37:24] DEBUG: 	minimizer_window=10
[2026-03-18 19:37:24] DEBUG: 	reads_base_alignment=1
[2026-03-18 19:37:24] DEBUG: 	meta_read_top_kmer_rate=0.75
[2026-03-18 19:37:24] DEBUG: 	maximum_jump=1500
[2026-03-18 19:37:24] DEBUG: 	maximum_overhang=1500
[2026-03-18 19:37:24] DEBUG: 	repeat_kmer_rate=100
[2026-03-18 19:37:24] DEBUG: 	assemble_ovlp_divergence=0.03
[2026-03-18 19:37:24] DEBUG: 	assemble_divergence_relative=1
[2026-03-18 19:37:24] DEBUG: 	repeat_graph_ovlp_divergence=0.03
[2026-03-18 19:37:24] DEBUG: 	read_align_ovlp_divergence=0.10
[2026-03-18 19:37:24] DEBUG: 	hpc_scoring_on=1
[2026-03-18 19:37:24] DEBUG: 	add_unassembled_reads=0
[2026-03-18 19:37:24] DEBUG: 	extend_contigs_with_repeats=0
[2026-03-18 19:37:24] DEBUG: 	min_read_cov_cutoff=3
[2026-03-18 19:37:24] DEBUG: 	short_tip_length=20000
[2026-03-18 19:37:24] DEBUG: 	long_tip_length=100000
[2026-03-18 19:37:24] DEBUG: Running with k-mer size: 17
[2026-03-18 19:37:24] DEBUG: Running with minimum overlap 1000
[2026-03-18 19:37:24] DEBUG: Metagenome mode: N
[2026-03-18 19:37:24] DEBUG: Short mode: N
[2026-03-18 19:37:24] INFO: Reading sequences
[2026-03-18 19:37:25] DEBUG: Building positional index
[2026-03-18 19:37:25] DEBUG: Total sequence: 8057872 bp
[2026-03-18 19:37:25] INFO: Building minimizer index
[2026-03-18 19:37:25] INFO: Pre-calculating index storage
[2026-03-18 19:37:26] DEBUG: Mean k-mer frequency: 3.29466
[2026-03-18 19:37:26] DEBUG: Repetitive k-mer frequency: 329
[2026-03-18 19:37:26] DEBUG: Filtered 42053 repetitive k-mers (0.0289604)
[2026-03-18 19:37:26] INFO: Filling index
[2026-03-18 19:37:26] DEBUG: Sorting k-mer index
[2026-03-18 19:37:26] DEBUG: Selected k-mers: 440715
[2026-03-18 19:37:26] DEBUG: K-mer index size: 1410034
[2026-03-18 19:37:26] DEBUG: Mean k-mer frequency: 3.19942
[2026-03-18 19:37:26] DEBUG: Minimizer rate: 5.71466
[2026-03-18 19:37:26] DEBUG: Peak RAM usage: 0 Gb
[2026-03-18 19:37:26] DEBUG: Estimating k-mer identity bias
[2026-03-18 19:37:27] DEBUG: Initial divergence estimate : 0.0764331
[2026-03-18 19:37:27] DEBUG: Relative threshold: Y
[2026-03-18 19:37:27] DEBUG: Max divergence threshold set to 0.106433
[2026-03-18 19:37:27] INFO: Extending reads
[2026-03-18 19:37:27] DEBUG: Estimating overlap coverage
[2026-03-18 19:37:34] INFO: Overlap-based coverage: 35
[2026-03-18 19:37:34] INFO: Median overlap divergence: 0.0745891
[2026-03-18 19:37:34] DEBUG: Sequence divergence distribution: 

    |           * *       |                                                                              
    |           ***       |                                                                              
    |           *****     |                                                                              
    |           *****     |                                                                              
    |           *****     |                                                                              
    |           ******    |                                                                              
    |          ********   |                                                                              
    |          *********  *                                                                              
    |         **********  *                                                                              
    |         **********  *                                                                              
    |         **********  *                                                                              
    |        *********** **                                                                              
    |        ***************                                                                             
    |        ****************                                                                            
    |      ******************                                                                            
    |      *******************                                                                           
    |      ********************                                                                          
    |      *********************                                                                         
    |     *************************                                                                      
    |    *****************************   *  **          *                                                
    ----------------------------------------------------------------------------------------------------
    0%        5%        10%       15%       20%       25%       30%       35%       40%       45%       

    Q25 = 0.059, Q50 = 0.075, Q75 = 0.095

[2026-03-18 19:37:34] DEBUG: Assembled disjointig 1
	With 10 reads
	Start read: +SRR33939694.108183/1
	At position: 4
	leftTip: 1 rightTip: 1
	Suspicious: 6
	Short ext: 0
	Mean extensions: 2
	Avg overlap len: 2789
	Min overlap len: 1025
	Inner reads: 0
	Length: 47319
[2026-03-18 19:37:34] DEBUG: Inner: 308 covered: 478 total: 10950
[2026-03-18 19:37:34] DEBUG: Discarded disjointig with 7 reads and 5 inner overlaps
[2026-03-18 19:37:34] DEBUG: Assembled disjointig 2
	With 7 reads
	Start read: +SRR33939694.67237/1
	At position: 1
	leftTip: 1 rightTip: 1
	Suspicious: 1
	Short ext: 0
	Mean extensions: 10
	Avg overlap len: 14666
	Min overlap len: 2515
	Inner reads: 0
	Length: 44176
[2026-03-18 19:37:34] DEBUG: Inner: 5984 covered: 6090 total: 10950
[2026-03-18 19:37:34] DEBUG: Discarded disjointig with 4 reads and 2 inner overlaps
[2026-03-18 19:37:34] DEBUG: Discarded disjointig with 4 reads and 2 inner overlaps
[2026-03-18 19:37:35] DEBUG: Discarded disjointig with 7 reads and 5 inner overlaps
[2026-03-18 19:37:35] DEBUG: Discarded disjointig with 4 reads and 2 inner overlaps
[2026-03-18 19:37:35] DEBUG: Discarded disjointig with 7 reads and 5 inner overlaps
[2026-03-18 19:37:36] INFO: Assembled 2 disjointigs
[2026-03-18 19:37:36] INFO: Generating sequence
[2026-03-18 19:37:36] DEBUG: Building positional index
[2026-03-18 19:37:36] DEBUG: Total sequence: 91559 bp
[2026-03-18 19:37:36] DEBUG: Mean k-mer frequency: 1.00547
[2026-03-18 19:37:36] DEBUG: Repetitive k-mer frequency: 100
[2026-03-18 19:37:36] DEBUG: Filtered 0 repetitive k-mers (0)
[2026-03-18 19:37:36] DEBUG: Sorting k-mer index
[2026-03-18 19:37:36] DEBUG: Selected k-mers: 16644
[2026-03-18 19:37:36] DEBUG: K-mer index size: 16736
[2026-03-18 19:37:36] DEBUG: Mean k-mer frequency: 1.00553
[2026-03-18 19:37:36] DEBUG: Minimizer rate: 5.47078
[2026-03-18 19:37:36] INFO: Filtering contained disjointigs
[2026-03-18 19:37:36] DEBUG: Computing transitive closure for overlaps
[2026-03-18 19:37:36] DEBUG: Found 0 overlaps
[2026-03-18 19:37:36] DEBUG: Left 0 overlaps after filtering
[2026-03-18 19:37:36] INFO: Contained seqs: 0
[2026-03-18 19:37:36] DEBUG: Writing FASTA
[2026-03-18 19:37:36] DEBUG: Peak RAM usage: 0 Gb
-----------End assembly log------------
[2026-03-18 19:37:36] root: DEBUG: Disjointigs length: 91559, N50: 47428
[2026-03-18 19:37:36] root: INFO: >>>STAGE: consensus
[2026-03-18 19:37:36] root: INFO: Running Minimap2
[2026-03-18 19:37:50] root: INFO: Computing consensus
[2026-03-18 19:38:24] root: INFO: Alignment error rate: 0.102189
[2026-03-18 19:38:24] root: INFO: >>>STAGE: repeat
[2026-03-18 19:38:24] root: INFO: Building and resolving repeat graph
[2026-03-18 19:38:24] root: DEBUG: -----Begin repeat analyser log------
[2026-03-18 19:38:24] root: DEBUG: Running: flye-modules repeat --disjointigs /sciclone/home/tdfelton/SUPERCOMPUTING/assignments/assignment_06/assemblies/assembly_module/10-consensus/consensus.fasta --reads /sciclone/home/tdfelton/SUPERCOMPUTING/assignments/assignment_06/data/SRR33939694.fastq.gz --out-dir /sciclone/home/tdfelton/SUPERCOMPUTING/assignments/assignment_06/assemblies/assembly_module/20-repeat --config /usr/local/bora/gcc-11.4.1/Flye/flye/config/bin_cfg/asm_nano_hq.cfg --log /sciclone/home/tdfelton/SUPERCOMPUTING/assignments/assignment_06/assemblies/assembly_module/flye.log --threads 6 --min-ovlp 1000
[2026-03-18 19:38:24] DEBUG: Build date: Oct  6 2025 15:18:50
[2026-03-18 19:38:24] DEBUG: Total RAM: 156 Gb
[2026-03-18 19:38:24] DEBUG: Available RAM: 149 Gb
[2026-03-18 19:38:24] DEBUG: Total CPUs: 40
[2026-03-18 19:38:24] DEBUG: Loading /usr/local/bora/gcc-11.4.1/Flye/flye/config/bin_cfg/asm_nano_hq.cfg
[2026-03-18 19:38:24] DEBUG: Loading /usr/local/bora/gcc-11.4.1/Flye/flye/config/bin_cfg/asm_defaults.cfg
[2026-03-18 19:38:24] DEBUG: 	big_genome_threshold=29000000
[2026-03-18 19:38:24] DEBUG: 	meta_read_filter_kmer_freq=100
[2026-03-18 19:38:24] DEBUG: 	chain_large_gap_penalty=2
[2026-03-18 19:38:24] DEBUG: 	chain_small_gap_penalty=0.5
[2026-03-18 19:38:24] DEBUG: 	chain_gap_jump_threshold=100
[2026-03-18 19:38:24] DEBUG: 	max_jump_gap=500
[2026-03-18 19:38:24] DEBUG: 	max_coverage_drop_rate=5
[2026-03-18 19:38:24] DEBUG: 	max_extensions_drop_rate=5
[2026-03-18 19:38:24] DEBUG: 	chimera_window=100
[2026-03-18 19:38:24] DEBUG: 	chimera_overhang=1000
[2026-03-18 19:38:24] DEBUG: 	min_reads_in_disjointig=4
[2026-03-18 19:38:24] DEBUG: 	max_inner_reads=10
[2026-03-18 19:38:24] DEBUG: 	max_inner_fraction=0.25
[2026-03-18 19:38:24] DEBUG: 	aggressive_dup_filter=1
[2026-03-18 19:38:24] DEBUG: 	max_separation=500
[2026-03-18 19:38:24] DEBUG: 	unique_edge_length=50000
[2026-03-18 19:38:24] DEBUG: 	min_repeat_res_support=0.51
[2026-03-18 19:38:24] DEBUG: 	out_paths_ratio=5
[2026-03-18 19:38:24] DEBUG: 	graph_cov_drop_rate=5
[2026-03-18 19:38:24] DEBUG: 	coverage_estimate_window=100
[2026-03-18 19:38:24] DEBUG: 	max_bubble_length=50000
[2026-03-18 19:38:24] DEBUG: 	loop_coverage_rate=1.5
[2026-03-18 19:38:24] DEBUG: 	repeat_edge_cov_mult=1.75
[2026-03-18 19:38:24] DEBUG: 	weak_detach_rate=5
[2026-03-18 19:38:24] DEBUG: 	tip_coverage_rate=2
[2026-03-18 19:38:24] DEBUG: 	tip_length_rate=2
[2026-03-18 19:38:24] DEBUG: 	output_gfa_before_rr=1
[2026-03-18 19:38:24] DEBUG: 	remove_alt_edges=0
[2026-03-18 19:38:24] DEBUG: 	low_cutoff_warning=0
[2026-03-18 19:38:24] DEBUG: 	kmer_size=17
[2026-03-18 19:38:24] DEBUG: 	use_minimizers=1
[2026-03-18 19:38:24] DEBUG: 	minimizer_window=10
[2026-03-18 19:38:24] DEBUG: 	reads_base_alignment=1
[2026-03-18 19:38:24] DEBUG: 	meta_read_top_kmer_rate=0.75
[2026-03-18 19:38:24] DEBUG: 	maximum_jump=1500
[2026-03-18 19:38:24] DEBUG: 	maximum_overhang=1500
[2026-03-18 19:38:24] DEBUG: 	repeat_kmer_rate=100
[2026-03-18 19:38:24] DEBUG: 	assemble_ovlp_divergence=0.03
[2026-03-18 19:38:24] DEBUG: 	assemble_divergence_relative=1
[2026-03-18 19:38:24] DEBUG: 	repeat_graph_ovlp_divergence=0.03
[2026-03-18 19:38:24] DEBUG: 	read_align_ovlp_divergence=0.10
[2026-03-18 19:38:24] DEBUG: 	hpc_scoring_on=1
[2026-03-18 19:38:24] DEBUG: 	add_unassembled_reads=0
[2026-03-18 19:38:24] DEBUG: 	extend_contigs_with_repeats=0
[2026-03-18 19:38:24] DEBUG: 	min_read_cov_cutoff=3
[2026-03-18 19:38:24] DEBUG: 	short_tip_length=20000
[2026-03-18 19:38:24] DEBUG: 	long_tip_length=100000
[2026-03-18 19:38:24] DEBUG: Running with k-mer size: 17
[2026-03-18 19:38:24] DEBUG: Selected minimum overlap 1000
[2026-03-18 19:38:24] DEBUG: Metagenome mode: N
[2026-03-18 19:38:24] INFO: Parsing disjointigs
[2026-03-18 19:38:24] DEBUG: Building positional index
[2026-03-18 19:38:24] DEBUG: Total sequence: 91675 bp
[2026-03-18 19:38:24] INFO: Building repeat graph
[2026-03-18 19:38:25] DEBUG: Mean k-mer frequency: 1.0106
[2026-03-18 19:38:25] DEBUG: Repetitive k-mer frequency: 101
[2026-03-18 19:38:25] DEBUG: Filtered 0 repetitive k-mers (0)
[2026-03-18 19:38:25] DEBUG: Sorting k-mer index
[2026-03-18 19:38:25] DEBUG: Selected k-mers: 16507
[2026-03-18 19:38:25] DEBUG: K-mer index size: 16683
[2026-03-18 19:38:25] DEBUG: Mean k-mer frequency: 1.01066
[2026-03-18 19:38:25] DEBUG: Minimizer rate: 5.49511
[2026-03-18 19:38:25] DEBUG: Computing transitive closure for overlaps
[2026-03-18 19:38:25] DEBUG: Found 0 overlaps
[2026-03-18 19:38:25] DEBUG: Left 0 overlaps after filtering
[2026-03-18 19:38:25] INFO: Median overlap divergence: 0.0977502
[2026-03-18 19:38:25] DEBUG: Sequence divergence distribution: 

    |      |            *                                                                                
    |      |            *                                                                                
    |      |            *                                                                                
    |      |            *                                                                                
    |      |            *                                                                                
    |      |            *                                                                                
    |      |            *                                                                                
    |      |            *                                                                                
    |      |            *                                                                                
    |      |            *                                                                                
    |      |            *                                                                                
    |      |            *                                                                                
    |      |            *                                                                                
    |      |            *                                                                                
    |      |            *                                                                                
    |      |            *                                                                                
    |      |            *                                                                                
    |      |            *                                                                                
    |      |            *                                                                                
    |      |            *                                                                                
    ----------------------------------------------------------------------------------------------------
    0%        5%        10%       15%       20%       25%       30%       35%       40%       45%       

    Q25 = 0.098, Q50 = 0.098, Q75 = 0.098

[2026-03-18 19:38:25] DEBUG: Computing gluepoints
[2026-03-18 19:38:25] DEBUG: Added 0 gluepoint projections
[2026-03-18 19:38:25] DEBUG: Created 8 gluepoints
[2026-03-18 19:38:25] DEBUG: Artificial loops removed: 0 left, 0 right, 0 both
[2026-03-18 19:38:25] DEBUG: Initializing edges
[2026-03-18 19:38:25] DEBUG: Edges length checksum: 18446744073621368089
[2026-03-18 19:38:25] DEBUG: Filtered 0 singleton segments
[2026-03-18 19:38:25] DEBUG: Removed 0 simple and 0 double chimeric junctions
[2026-03-18 19:38:25] DEBUG: Collapsed 0 edges
[2026-03-18 19:38:25] DEBUG: *	1	+disjointig_1	0	47388	47388	
[2026-03-18 19:38:25] DEBUG: *	2	+disjointig_2	0	44285	44285	
[2026-03-18 19:38:25] DEBUG: Total edges: 2
[2026-03-18 19:38:25] INFO: Parsing reads
[2026-03-18 19:38:26] DEBUG: Building positional index
[2026-03-18 19:38:26] DEBUG: Total sequence: 52927180 bp
[2026-03-18 19:38:26] DEBUG: Building positional index
[2026-03-18 19:38:26] DEBUG: Total sequence: 91673 bp
[2026-03-18 19:38:26] INFO: Aligning reads to the graph
[2026-03-18 19:38:26] DEBUG: Mean k-mer frequency: 1.0106
[2026-03-18 19:38:26] DEBUG: Repetitive k-mer frequency: 101
[2026-03-18 19:38:26] DEBUG: Filtered 0 repetitive k-mers (0)
[2026-03-18 19:38:26] DEBUG: Sorting k-mer index
[2026-03-18 19:38:26] DEBUG: Selected k-mers: 16506
[2026-03-18 19:38:26] DEBUG: K-mer index size: 16682
[2026-03-18 19:38:26] DEBUG: Mean k-mer frequency: 1.01066
[2026-03-18 19:38:26] DEBUG: Minimizer rate: 5.49532
[2026-03-18 19:38:26] DEBUG: Total reads : 5475
[2026-03-18 19:38:26] DEBUG: Read with aligned parts : 3309
[2026-03-18 19:38:26] DEBUG: Aligned in one piece : 3309
[2026-03-18 19:38:26] INFO: Aligned read sequence: 5149744 / 8057872 (0.639095)
[2026-03-18 19:38:26] INFO: Median overlap divergence: 0.04
[2026-03-18 19:38:26] DEBUG: Sequence divergence distribution: 

    |     **             |                                                                               
    |     **             |                                                                               
    |     **             |                                                                               
    |    *****           |                                                                               
    |    *****           |                                                                               
    |    ******          |                                                                               
    |    ******          |                                                                               
    |    ******          |                                                                               
    |   *******          |                                                                               
    |   *******          |                                                                               
    |   ********         |                                                                               
    |   **********       |                                                                               
    |   **********       |                                                                               
    |   **********       |                                                                               
    |  *************     |                                                                               
    |  ***************   |                                                                               
    |  ****************  |                                                                               
    |  *******************                                                                               
    | *********************                                                                              
    |***************************                                                                         
    ----------------------------------------------------------------------------------------------------
    0%        5%        10%       15%       20%       25%       30%       35%       40%       45%       

    Q25 = 0.028, Q50 = 0.04, Q75 = 0.057

[2026-03-18 19:38:26] INFO: Mean edge coverage: 52
[2026-03-18 19:38:26] DEBUG: 1	len:47388	cov:10	mult:0.192308
[2026-03-18 19:38:26] DEBUG: -1	len:47388	cov:10	mult:0.192308
[2026-03-18 19:38:26] DEBUG: 2	len:44285	cov:100	mult:1.92308
[2026-03-18 19:38:26] DEBUG: -2	len:44285	cov:100	mult:1.92308
[2026-03-18 19:38:26] DEBUG: Unique coverage threshold 2
[2026-03-18 19:38:26] INFO: Simplifying the graph
[2026-03-18 19:38:26] DEBUG: Read coverage cutoff: 10
[2026-03-18 19:38:26] DEBUG: [SIMPL] Removed 0 paths with low coverage
[2026-03-18 19:38:26] DEBUG: [SIMPL] Masked 0 heterozygous loops
[2026-03-18 19:38:26] DEBUG: [SIMPL] Masked 0 simple bubbles
[2026-03-18 19:38:26] DEBUG: Finding repeats
[2026-03-18 19:38:26] DEBUG: Read coverage cutoff: 10
[2026-03-18 19:38:26] DEBUG: High-cov: 1	47388	10
[2026-03-18 19:38:26] DEBUG: High-cov: 2	44285	100
[2026-03-18 19:38:26] DEBUG: Repeat detection iteration 1
[2026-03-18 19:38:26] DEBUG: Writing Dot
[2026-03-18 19:38:26] DEBUG: Writing FASTA
[2026-03-18 19:38:26] DEBUG: Writing Gfa
[2026-03-18 19:38:26] DEBUG: [SIMPL] == Iteration 1 ==
[2026-03-18 19:38:26] DEBUG: Splitting nodes
[2026-03-18 19:38:26] DEBUG: [SIMPL] Split 0 nodes
[2026-03-18 19:38:26] DEBUG: [SIMPL] Clipped 0 short and 0 long tips
[2026-03-18 19:38:26] DEBUG: [SIMPL] Masked 0 heterozygous loops
[2026-03-18 19:38:26] DEBUG: [SIMPL] Masked 0 simple bubbles
[2026-03-18 19:38:26] DEBUG: Finding repeats
[2026-03-18 19:38:26] DEBUG: Read coverage cutoff: 10
[2026-03-18 19:38:26] DEBUG: High-cov: 1	47388	10
[2026-03-18 19:38:26] DEBUG: High-cov: 2	44285	100
[2026-03-18 19:38:26] DEBUG: Repeat detection iteration 1
[2026-03-18 19:38:26] DEBUG: Total unique edges: 0
[2026-03-18 19:38:26] DEBUG: [SIMPL] Resolved repeats: 0
[2026-03-18 19:38:26] DEBUG: RR links: 0
[2026-03-18 19:38:26] DEBUG: Unresolved: 0
[2026-03-18 19:38:26] DEBUG: Removed 0 simple and 0 double chimeric junctions
[2026-03-18 19:38:26] DEBUG: [SIMPL] Collapsed 0 haplotypes
[2026-03-18 19:38:26] DEBUG: [SIMPL] Resolved 0 simple repeats
[2026-03-18 19:38:26] DEBUG: Read coverage cutoff: 10
[2026-03-18 19:38:26] DEBUG: [SIMPL] Removed 0 paths with low coverage
[2026-03-18 19:38:26] DEBUG: Finding repeats
[2026-03-18 19:38:26] DEBUG: Read coverage cutoff: 10
[2026-03-18 19:38:26] DEBUG: High-cov: 1	47388	10
[2026-03-18 19:38:26] DEBUG: High-cov: 2	44285	100
[2026-03-18 19:38:26] DEBUG: Repeat detection iteration 1
[2026-03-18 19:38:26] DEBUG: Writing Dot
[2026-03-18 19:38:26] DEBUG: Writing FASTA
[2026-03-18 19:38:26] DEBUG: Peak RAM usage: 0 Gb
-----------End assembly log------------
[2026-03-18 19:38:26] root: INFO: >>>STAGE: contigger
[2026-03-18 19:38:26] root: INFO: Generating contigs
[2026-03-18 19:38:26] root: DEBUG: -----Begin contigger analyser log------
[2026-03-18 19:38:26] root: DEBUG: Running: flye-modules contigger --graph-edges /sciclone/home/tdfelton/SUPERCOMPUTING/assignments/assignment_06/assemblies/assembly_module/20-repeat/repeat_graph_edges.fasta --reads /sciclone/home/tdfelton/SUPERCOMPUTING/assignments/assignment_06/data/SRR33939694.fastq.gz --out-dir /sciclone/home/tdfelton/SUPERCOMPUTING/assignments/assignment_06/assemblies/assembly_module/30-contigger --config /usr/local/bora/gcc-11.4.1/Flye/flye/config/bin_cfg/asm_nano_hq.cfg --repeat-graph /sciclone/home/tdfelton/SUPERCOMPUTING/assignments/assignment_06/assemblies/assembly_module/20-repeat/repeat_graph_dump --graph-aln /sciclone/home/tdfelton/SUPERCOMPUTING/assignments/assignment_06/assemblies/assembly_module/20-repeat/read_alignment_dump --log /sciclone/home/tdfelton/SUPERCOMPUTING/assignments/assignment_06/assemblies/assembly_module/flye.log --threads 6 --min-ovlp 1000
[2026-03-18 19:38:26] DEBUG: Build date: Oct  6 2025 15:19:02
[2026-03-18 19:38:26] DEBUG: Total RAM: 156 Gb
[2026-03-18 19:38:26] DEBUG: Available RAM: 149 Gb
[2026-03-18 19:38:26] DEBUG: Total CPUs: 40
[2026-03-18 19:38:26] DEBUG: Loading /usr/local/bora/gcc-11.4.1/Flye/flye/config/bin_cfg/asm_nano_hq.cfg
[2026-03-18 19:38:26] DEBUG: Loading /usr/local/bora/gcc-11.4.1/Flye/flye/config/bin_cfg/asm_defaults.cfg
[2026-03-18 19:38:26] DEBUG: 	big_genome_threshold=29000000
[2026-03-18 19:38:26] DEBUG: 	meta_read_filter_kmer_freq=100
[2026-03-18 19:38:26] DEBUG: 	chain_large_gap_penalty=2
[2026-03-18 19:38:26] DEBUG: 	chain_small_gap_penalty=0.5
[2026-03-18 19:38:26] DEBUG: 	chain_gap_jump_threshold=100
[2026-03-18 19:38:26] DEBUG: 	max_jump_gap=500
[2026-03-18 19:38:26] DEBUG: 	max_coverage_drop_rate=5
[2026-03-18 19:38:26] DEBUG: 	max_extensions_drop_rate=5
[2026-03-18 19:38:26] DEBUG: 	chimera_window=100
[2026-03-18 19:38:26] DEBUG: 	chimera_overhang=1000
[2026-03-18 19:38:26] DEBUG: 	min_reads_in_disjointig=4
[2026-03-18 19:38:26] DEBUG: 	max_inner_reads=10
[2026-03-18 19:38:26] DEBUG: 	max_inner_fraction=0.25
[2026-03-18 19:38:26] DEBUG: 	aggressive_dup_filter=1
[2026-03-18 19:38:26] DEBUG: 	max_separation=500
[2026-03-18 19:38:26] DEBUG: 	unique_edge_length=50000
[2026-03-18 19:38:26] DEBUG: 	min_repeat_res_support=0.51
[2026-03-18 19:38:26] DEBUG: 	out_paths_ratio=5
[2026-03-18 19:38:26] DEBUG: 	graph_cov_drop_rate=5
[2026-03-18 19:38:26] DEBUG: 	coverage_estimate_window=100
[2026-03-18 19:38:26] DEBUG: 	max_bubble_length=50000
[2026-03-18 19:38:26] DEBUG: 	loop_coverage_rate=1.5
[2026-03-18 19:38:26] DEBUG: 	repeat_edge_cov_mult=1.75
[2026-03-18 19:38:26] DEBUG: 	weak_detach_rate=5
[2026-03-18 19:38:26] DEBUG: 	tip_coverage_rate=2
[2026-03-18 19:38:26] DEBUG: 	tip_length_rate=2
[2026-03-18 19:38:26] DEBUG: 	output_gfa_before_rr=1
[2026-03-18 19:38:26] DEBUG: 	remove_alt_edges=0
[2026-03-18 19:38:26] DEBUG: 	low_cutoff_warning=0
[2026-03-18 19:38:26] DEBUG: 	kmer_size=17
[2026-03-18 19:38:26] DEBUG: 	use_minimizers=1
[2026-03-18 19:38:26] DEBUG: 	minimizer_window=10
[2026-03-18 19:38:26] DEBUG: 	reads_base_alignment=1
[2026-03-18 19:38:26] DEBUG: 	meta_read_top_kmer_rate=0.75
[2026-03-18 19:38:26] DEBUG: 	maximum_jump=1500
[2026-03-18 19:38:26] DEBUG: 	maximum_overhang=1500
[2026-03-18 19:38:26] DEBUG: 	repeat_kmer_rate=100
[2026-03-18 19:38:26] DEBUG: 	assemble_ovlp_divergence=0.03
[2026-03-18 19:38:26] DEBUG: 	assemble_divergence_relative=1
[2026-03-18 19:38:26] DEBUG: 	repeat_graph_ovlp_divergence=0.03
[2026-03-18 19:38:26] DEBUG: 	read_align_ovlp_divergence=0.10
[2026-03-18 19:38:26] DEBUG: 	hpc_scoring_on=1
[2026-03-18 19:38:26] DEBUG: 	add_unassembled_reads=0
[2026-03-18 19:38:26] DEBUG: 	extend_contigs_with_repeats=0
[2026-03-18 19:38:26] DEBUG: 	min_read_cov_cutoff=3
[2026-03-18 19:38:26] DEBUG: 	short_tip_length=20000
[2026-03-18 19:38:26] DEBUG: 	long_tip_length=100000
[2026-03-18 19:38:26] DEBUG: Running with k-mer size: 17
[2026-03-18 19:38:26] DEBUG: Selected minimum overlap 1000
[2026-03-18 19:38:26] INFO: Reading sequences
[2026-03-18 19:38:28] DEBUG: Building positional index
[2026-03-18 19:38:28] DEBUG: Total sequence: 52927180 bp
[2026-03-18 19:38:28] DEBUG: Flipped 0
[2026-03-18 19:38:28] DEBUG: UPath 1: 1
[2026-03-18 19:38:28] DEBUG: UPath 2: 2
[2026-03-18 19:38:28] DEBUG: Final graph contains 2 egdes
[2026-03-18 19:38:28] DEBUG: Extending contigs into repeats
[2026-03-18 19:38:28] DEBUG: Covered 0 repetitive contigs
[2026-03-18 19:38:28] INFO: Generated 2 contigs
[2026-03-18 19:38:28] DEBUG: Writing FASTA
[2026-03-18 19:38:28] DEBUG: Generating scaffold connections
[2026-03-18 19:38:28] INFO: Added 0 scaffold connections
[2026-03-18 19:38:28] DEBUG: Writing Dot
[2026-03-18 19:38:28] DEBUG: Writing FASTA
[2026-03-18 19:38:28] DEBUG: Writing Gfa
[2026-03-18 19:38:28] DEBUG: Peak RAM usage: 0 Gb
-----------End assembly log------------
[2026-03-18 19:38:28] root: INFO: >>>STAGE: polishing
[2026-03-18 19:38:28] root: INFO: Polishing genome (1/1)
[2026-03-18 19:38:28] root: INFO: Running minimap2
[2026-03-18 19:38:45] root: INFO: Separating alignment into bubbles
[2026-03-18 19:39:16] root: DEBUG: Generated 6343 bubbles
[2026-03-18 19:39:16] root: DEBUG: Split 0 long bubbles
[2026-03-18 19:39:16] root: DEBUG: Skipped 0 empty bubbles
[2026-03-18 19:39:16] root: DEBUG: Skipped 0 bubbles with long branches
[2026-03-18 19:39:16] root: INFO: Alignment error rate: 0.052819
[2026-03-18 19:39:16] root: INFO: Correcting bubbles
[2026-03-18 19:39:17] root: DEBUG: Mean contig coverage: 422, selected threshold: 84
[2026-03-18 19:39:17] root: DEBUG: Filtered 1 contigs of total length 47428
[2026-03-18 19:39:17] root: DEBUG: Generating polished GFA
[2026-03-18 19:39:17] root: DEBUG: 1 sequences remained unpolished
[2026-03-18 19:39:17] root: INFO: >>>STAGE: finalize
[2026-03-18 19:39:17] root: DEBUG: ---Output dir contents:----
[2026-03-18 19:39:17] root: DEBUG: assembly_module/
[2026-03-18 19:39:17] root: DEBUG:     30.0 K      flye.log
[2026-03-18 19:39:17] root: DEBUG:     92.0 B      params.json
[2026-03-18 19:39:17] root: DEBUG:     720.0 B     assembly_graph.gv
[2026-03-18 19:39:17] root: DEBUG:     89.0 K      assembly_graph.gfa
[2026-03-18 19:39:17] root: DEBUG:     43.0 K      assembly.fasta
[2026-03-18 19:39:17] root: DEBUG:     00-assembly/
[2026-03-18 19:39:17] root: DEBUG:         90.0 K      draft_assembly.fasta
[2026-03-18 19:39:17] root: DEBUG:         59.0 B      draft_assembly.fasta.fai
[2026-03-18 19:39:17] root: DEBUG:     10-consensus/
[2026-03-18 19:39:17] root: DEBUG:         1.0 K       minimap.stderr
[2026-03-18 19:39:17] root: DEBUG:         1.0 K       minimap.bam.csi
[2026-03-18 19:39:17] root: DEBUG:         91.0 K      consensus.fasta
[2026-03-18 19:39:17] root: DEBUG:     20-repeat/
[2026-03-18 19:39:17] root: DEBUG:         720.0 B     graph_before_rr.gv
[2026-03-18 19:39:17] root: DEBUG:         90.0 K      graph_before_rr.fasta
[2026-03-18 19:39:17] root: DEBUG:         89.0 K      graph_before_rr.gfa
[2026-03-18 19:39:17] root: DEBUG:         720.0 B     graph_after_rr.gv
[2026-03-18 19:39:17] root: DEBUG:         352.0 B     repeat_graph_dump
[2026-03-18 19:39:17] root: DEBUG:         757.0 K     read_alignment_dump
[2026-03-18 19:39:17] root: DEBUG:         90.0 K      repeat_graph_edges.fasta
[2026-03-18 19:39:17] root: DEBUG:     30-contigger/
[2026-03-18 19:39:17] root: DEBUG:         90.0 K      contigs.fasta
[2026-03-18 19:39:17] root: DEBUG:         144.0 B     contigs_stats.txt
[2026-03-18 19:39:17] root: DEBUG:         0.0 B       scaffolds_links.txt
[2026-03-18 19:39:17] root: DEBUG:         720.0 B     graph_final.gv
[2026-03-18 19:39:17] root: DEBUG:         90.0 K      graph_final.fasta
[2026-03-18 19:39:17] root: DEBUG:         89.0 K      graph_final.gfa
[2026-03-18 19:39:17] root: DEBUG:         51.0 B      contigs.fasta.fai
[2026-03-18 19:39:17] root: DEBUG:     40-polishing/
[2026-03-18 19:39:17] root: DEBUG:         990.0 B     minimap.stderr
[2026-03-18 19:39:17] root: DEBUG:         1.0 K       minimap_1.bam.csi
[2026-03-18 19:39:17] root: DEBUG:         63.0 B      contigs_stats.txt
[2026-03-18 19:39:17] root: DEBUG:         29.0 K      base_coverage.bed.gz
[2026-03-18 19:39:17] root: DEBUG:         43.0 K      filtered_contigs.fasta
[2026-03-18 19:39:17] root: DEBUG:         45.0 B      filtered_stats.txt
[2026-03-18 19:39:17] root: DEBUG:         24.0 B      filtered_contigs.fasta.fai
[2026-03-18 19:39:17] root: DEBUG:         94.0 B      edges_aln.bam.csi
[2026-03-18 19:39:17] root: DEBUG:         89.0 K      polished_edges.gfa
[2026-03-18 19:39:17] root: DEBUG: --------------------------
[2026-03-18 19:39:17] root: INFO: Assembly statistics:

	Total length:	44285
	Fragments:	1
	Fragments N50:	44285
	Largest frg:	44285
	Scaffolds:	0
	Mean coverage:	858

[2026-03-18 19:39:17] root: INFO: Final assembly: /sciclone/home/tdfelton/SUPERCOMPUTING/assignments/assignment_06/assemblies/assembly_module/assembly.fasta
